Gina - Out-Datei
#OUTPUT
 $NOD_VALUES
   PRESSURE1
   VELOCITY_X1
   VELOCITY_Y1
   VELOCITY_Z1
 $ELE_VALUES
   VELOCITY1_X
 $GEO_TYPE
   DOMAIN 
 $DAT_TYPE
   PVD
 $TIM_TYPE
   STEPS 1
#STOP
