GeoSys-OUT: Output ------------------------------------------------
#OUTPUT
 $NOD_VALUES
  DISPLACEMENT
  DISPLACEMENT_X1
  DISPLACEMENT_Y1
  STRESS_XX
  STRESS_XY
  STRESS_YY
  STRESS_ZZ
  STRESS_XZ
  STRESS_YZ
  STRAIN_XX
  STRAIN_XY
  STRAIN_YY
 $ELE_VALUES
  gp_stress_XX
  gp_stress_XY
  gp_stress_YY
  gp_stress_ZZ
  gp_stress_XZ
  gp_stress_YZ
  gp_strain_XX
  gp_strain_XY
  gp_strain_YY
 $GEO_TYPE
  DOMAIN
 $DAT_TYPE
  PVD
 $TIM_TYPE
  STEPS 1
#STOP


