GeoSys-OUT: Output ------------------------------------------------
#OUTPUT
 $NOD_VALUES
  HEAD
  VELOCITY_X1
  VELOCITY_Y1
  VELOCITY_Z1
 $ELE_VALUES
  VELOCITY
 $GEO_TYPE
  DOMAIN
 $DAT_TYPE
  PVD
 $TIM_TYPE
  STEPS 1
#STOP

#OUTPUT
 $PCS_TYPE
  FLUID_MOMENTUM
 $ELE_VALUES
  VELOCITY1_X
  VELOCITY1_Y
  VELOCITY1_Z
 $GEO_TYPE
  DOMAIN
 $DAT_TYPE
  TECPLOT
 $TIM_TYPE
  86400.0
#STOP
