GeoSys-OUT: Output ------------------------------------------------
#OUTPUT
 $NOD_VALUES
  HEAD
 $ELE_VALUES
  VELOCITY
 $GEO_TYPE
  DOMAIN
 $DAT_TYPE
  PVD
 $TIM_TYPE
  STEPS 1
#STOP

 $PCS_TYPE
  GROUNDWATER_FLOW

#OUTPUT
 $PCS_TYPE
  ELEMENT_VELOCITY
 $ELE_VALUES
  VELOCITY
 $GEO_TYPE
  DOMAIN
 $DAT_TYPE
  PVD
 $TIM_TYPE
  STEPS 1
#STOP

#OUTPUT
 $NOD_VALUES
  HEAD
 $GEO_TYPE
  POINT POINT4
 $DAT_TYPE
  TECPLOT
 $TIM_TYPE
 STEPS: 1
