GeoSys-OUT: Output ------------------------------------------------
#OUTPUT
 $NOD_VALUES
  DISPLACEMENT
  STRAIN
  STRESS
  DISPLACEMENT_X1
  DISPLACEMENT_Y1
  STRESS_XX
  STRESS_XY
  STRESS_YY
  STRESS_ZZ
  STRESS_XZ
  STRESS_YZ
  STRAIN_XX
  STRAIN_XY
  STRAIN_YY
 $GEO_TYPE
  DOMAIN
 $DAT_TYPE
  PVD
 $TIM_TYPE
  STEPS 1
#STOP


