GeoSys-OUT: Output ------------------------------------------------
#OUTPUT // profile
 $NOD_VALUES
  eta_0
  eta_1
  eta_2
  HEAD
  H+
  Ca2+
  Mg2+
  CO32-
  Cl-
  HCO3-
  Calcite
  Dolomite(dis)
 $GEO_TYPE
  DOMAIN
 $DAT_TYPE
  PVD
 $TIM_TYPE
  STEPS 1
#STOP
