GeoSys-OUT: Output ------------------------------------------------
#OUTPUT // profile
 $NOD_VALUES
  HEAD
  CH2O
  O2
  CO2
  H2O
  NO3-
  N2
  HCO3-
  H2CO3
  SO42-
  H2S
 $GEO_TYPE
  DOMAIN
 $DAT_TYPE
  PVD
 $TIM_TYPE
  STEPS 1
#STOP




  STEPS 5
  
#OUTPUT // profile
 $ELE_VALUES
  VELOCITY1_X
  VELOCITY1_Y
  VELOCITY1_Z
 $GEO_TYPE
  DOMAIN
 $DAT_TYPE
  VTK
 $TIM_TYPE
   0.0
   100.0
   1000.0
   10000.0
   21000.0
