GeoSys-OUT: Output ------------------------------------------------
#OUTPUT // profile
 $PCS_TYPE
  RICHARDS_FLOW
 $NOD_VALUES
  PRESSURE1
 $GEO_TYPE
  DOMAIN
 $TIM_TYPE
 STEPS 1
 $DAT_TYPE
  PVD
#STOP


